<html>
<body>
<pre>
<h1>µVision Build Log</h1>
<h2>Tool Versions:</h2>
IDE-Version: ¦ÌVision V5.38.0.0
Copyright (C) 2022 ARM Ltd and ARM Germany GmbH. All rights reserved.
License Information: ty Administrator, t, LIC=EXJT4-F9NPU-Y8GFK-ZQJJC-EEBB3-W6HMH
 
Tool Versions:
Toolchain:       MDK-ARM Plus  Version: 5.38.0.0
Toolchain Path:  D:\keil5\ARM\ARMCC\Bin
C Compiler:      Armcc.exe V5.06 update 6 (build 750)
Assembler:       Armasm.exe V5.06 update 6 (build 750)
Linker/Locator:  ArmLink.exe V5.06 update 6 (build 750)
Library Manager: ArmAr.exe V5.06 update 6 (build 750)
Hex Converter:   FromElf.exe V5.06 update 6 (build 750)
CPU DLL:         SARMCM3.DLL V5.38.0.0
Dialog DLL:      DCM.DLL V1.17.5.0
Target DLL:      CMSIS_AGDI.dll V1.33.15.0
Dialog DLL:      TCM.DLL V1.56.4.0
 
<h2>Project:</h2>
D:\GitHub\microphone_sample\MDK-ARM\wujihand_microphone_sample.uvprojx
Project File Date:  08/04/2025

<h2>Output:</h2>
*** Using Compiler 'V5.06 update 6 (build 750)', folder: 'D:\keil5\ARM\ARMCC\Bin'
Rebuild target 'wujihand_microphone_sample'
assembling startup_stm32h750xx.s...
compiling usart.c...
compiling stm32h7xx_hal_msp.c...
compiling dfsdm.c...
compiling stm32h7xx_it.c...
compiling gpio.c...
compiling main.c...
compiling stm32h7xx_hal_rcc_ex.c...
compiling dma.c...
compiling stm32h7xx_hal_cortex.c...
compiling stm32h7xx_hal_flash.c...
compiling crc.c...
compiling stm32h7xx_hal_gpio.c...
compiling stm32h7xx_hal_crc.c...
compiling stm32h7xx_hal_hsem.c...
compiling stm32h7xx_hal_rcc.c...
compiling stm32h7xx_hal_flash_ex.c...
compiling stm32h7xx_hal_crc_ex.c...
compiling stm32h7xx_hal_mdma.c...
compiling stm32h7xx_hal_exti.c...
compiling stm32h7xx_hal_dma.c...
compiling bsp_dfsdm.c...
compiling stm32h7xx_hal_uart_ex.c...
compiling stm32h7xx_hal_i2c_ex.c...
compiling system_stm32h7xx.c...
compiling stm32h7xx_hal_pwr.c...
compiling stm32h7xx_hal.c...
compiling stm32h7xx_hal_dma_ex.c...
compiling stm32h7xx_hal_dfsdm.c...
compiling stm32h7xx_hal_uart.c...
compiling stm32h7xx_hal_i2c.c...
compiling stm32h7xx_hal_pwr_ex.c...
linking...
Program Size: Code=27558 RO-data=762 RW-data=48 ZI-data=2232  
FromELF: creating hex file...
"wujihand_microphone_sample\wujihand_microphone_sample.axf" - 0 Error(s), 0 Warning(s).

<h2>Software Packages used:</h2>

Package Vendor: ARM
                http://www.keil.com/pack/ARM.CMSIS.5.9.0.pack
                ARM.CMSIS.5.9.0
                CMSIS (Common Microcontroller Software Interface Standard)
   * Component: CORE Version: 5.6.0

Package Vendor: Keil
                https://www.keil.com/pack/Keil.STM32H7xx_DFP.4.0.0.pack
                Keil.STM32H7xx_DFP.4.0.0
                STMicroelectronics STM32H7 Series Device Support

<h2>Collection of Component include folders:</h2>
  ./RTE/_wujihand_microphone_sample
  D:/keil5/ARM/CMSIS/5.9.0/CMSIS/Core/Include

<h2>Collection of Component Files used:</h2>

   * Component: ARM::CMSIS:CORE:5.6.0
      Include file:  CMSIS/Core/Include/tz_context.h
Build Time Elapsed:  00:01:40
</pre>
</body>
</html>
